88231677
88231911
